19.05.2025

1.if else

if(condition)
{
body of if statement;
}
else
{
//body of else statement;
}

//Enter your age and verify your eligible or not for election voting using if else condition
#include<stdio.h>
int main()
{
   printf("Enter your age: ");
   scanf("%d",&age);
   
   if(age >=18)
   {
   printf("You are eligible for voting");
   }
   else
   {
   printf("You are not eligible for voting");
   }
}

[2021ict24@fedora ~]$ gcc ifelse.c -o ifelse
[2021ict24@fedora ~]$ ./ifelse
Enter your age: 22
You are eligible for voting[2021ict24@fedora ~]$ ./ifelse
Enter your age: 12
You are not eligible for voting[2021ict24@fedora ~]$

---------------------------------------------------------------------------------------------------------------------------------

2.Ternary operator
test_condition ? expression1: expression2

#include<stdio.h>
int main()
{
it age;
   printf("Enter your age: ");
   scanf("%d",&age);
   
   (age >=18)? printf("You are eligible for voting"): printf("You are not eligible for voting");
   
   return 0;
}

[2021ict24@fedora ~]$ ./ternary
Enter your age: 45
You are eligible for voting[2021ict24@fedora ~]$ ./ternary
Enter your age: 12
You are not eligible for voting[2021ict24@fedora ~]$

-----------------------------------------------------------------------------------------------------------------------------

3.Switch case
switch(variable/expression)
{
case 1:
//body of case 1
break;
case 2:
//body of case 2
break;
case n:
//body of case n
break;

default:
//body of default

}

//Enter the value between 1 to 7 and create program for following output
Enter the number between 1 to 7:1
Today is sunday!

#include<stdio.h>
int main()
{
int num;
printf(" Enter the number between 1 to 7: ");
scanf("%i",&num);

switch(num)
{
  case 1:
  printf("Today is sunday!");
  break;
  case 2:
  printf("Today is Monday!");
  break;
  case 3:
  printf("Today is Tuesday!");
  break;
  case 4:
  printf("Today is Wednesday!");
  break;
  case 5:
  printf("Today is Thursday!");
  break;
  case 6:
  printf("Today is Friday!");
  break;
  case 7:
  printf("Today is Saturday!");
  break;
  default:
  printf("unrecognized number");
}
}

[2021ict24@fedora ~]$ gcc switch.c -o switch
[2021ict24@fedora ~]$ ./switch
 Enter the number between 1 to 7: 7
Today is Saturday![2021ict24@fedora ~]$ ./switch
 Enter the number between 1 to 7: 9
unrecognized number[2021ict24@fedora ~]$

----------------------------------------------------------------------------------------------------------------------------

4.
Write a code for small astrology based on your life path number for that get date of from user then calculate life path number.

Exmaple:-

calculation for life path number:
a=date%10
b=date/10
c=a+b

if life path number:

		1:Lucky
		2.Carefuly do your work
		3:Stronger
		4:Happy
		5:Can get help
		6:Doubt
		7:Sad
		8:Like
		9:Courage

#include<stdio.h>
int main()
{
	int date;
	printf("Enter a birth number");
	scanf("%i",&date);
	
	a=date%10;
    b=date/10;
    c=a+b;
	if (c > 9) {
        c = (c % 10) + (c / 10);
    }

    printf("Your Life Path Number is: %d\n", c);
    printf("Meaning: ");


	switch(c)
	{
		case 1:
		printf("Lucky");
		break;
		case 2:
		printf("Carefuly do your work");
		break;
		case 3:
		printf("Stronger");
		break;
		case 4:
		printf("Happy");
		break;
		case 5:
		printf("Can get help");
		break;
		case 6:
		printf("Doubt");
		break;
		case 7:
		printf("Sad");
		break;
		case 8:
		printf("Like");
		break;
		case 9:
		printf("Courage");
		break;
		default:
		printf("Invalid life path number");
		
	}
	
}

[2021ict24@fedora ~]$ vi switch1.c
[2021ict24@fedora ~]$ gcc switch1.c -o switch1
[2021ict24@fedora ~]$ ./switch1
Enter a birth number: 8
Like[2021ict24@fedora ~]$

Meaning: Lucky[2021ict24@fedora ~]$ ./switch1
Enter a birth number: 19
Your Life Path Number is: 1
Meaning: Lucky[2021ict24@fedora ~]$

------------------------------------------------------------------------------------------------------------------------------

5.
Give list of numbers then calculate the summation and multiplication using for loop
Ex:-
1 2 3 4 5
summation:15
multiplication: 120

#include <stdio.h>

int main() {
    int numbers[] = {1, 2, 3, 4, 5}; 
    int n = sizeof(numbers) / sizeof(numbers[0]); 
    int sum = 0;
    int mul = 1;

    
    for (int i = 0; i < n; i++) {
        sum += numbers[i];
        mul *= numbers[i];
    }

    
    printf("Summation: %d\n", sum);
    printf("Multiplication: %d\n", mul);

    return 0;
}
[2021ict24@fedora ~]$ gcc ex5.c -o ex5
[2021ict24@fedora ~]$ ./ex5
Summation: 15
Multiplication: 120



----------------------------------------------------------------------------------------------------------------------------
6.Print the integers from 1 to 10 using while loop

#include <stdio.h>

int main() {
    int i = 1; 

    
    while (i <= 10) {
        printf("%d\n", i);
        i++; 
    }

    return 0;
}
[2021ict24@fedora ~]$ vi ex6.c
[2021ict24@fedora ~]$ gcc ex6.c -o ex6
[2021ict24@fedora ~]$ ./ex6
1
2
3
4
5
6
7
8
9
10



----------------------------------------------------------------------------------------------------------------------------

7.Write a c program to generate and print the fibonacci series up to a specified number of terms. The program should take 
the number of terms as input from the user and then display the corresponding fibonacci series

#include <stdio.h>

int main() {
    int n, first = 0, second = 1, next;

    printf("Enter the number of terms: ");
    scanf("%d", &n);

  
    if (n <= 0) {
        printf("Please enter a positive integer.\n");
        return 1;
    }

   
    printf("Fibonacci Series: ");
    for (int i = 1; i <= n; i++) {
        printf("%d ", first);
        next = first + second;
        first = second;
        second = next;
    }

    printf("\n"); 
    return 0;
}
[2021ict24@fedora ~]$ ./ex7
Enter the number of terms: 6
Fibonacci Series: 0 1 1 2 3 5
[2021ict24@fedora ~]$

----------------------------------------------------------------------------------------------------------------------------

8.Write a c program to calculate the factorial of a given non-negative integers
#include <stdio.h>

int main() {
    int n;
    unsigned long long factorial = 1; 

  
    printf("Enter a non-negative integer: ");
    scanf("%d", &n);

    
    if (n < 0) {
        printf("Factorial is not defined for negative numbers.\n");
        return 1;
    }

  
    for (int i = 1; i <= n; i++) {
        factorial *= i;
    }

  
    printf("Factorial of %d is %llu\n", n, factorial);

    return 0;
}
[2021ict24@fedora ~]$ ./ex8
Enter a non-negative integer: 7
Factorial of 7 is 5040
[2021ict24@fedora ~]$

----------------------------------------------------------------------------------------------------------------------------

9.
Write a c program that:
Accepts two strings as input from the user.
Concatenates the two strings Displays the concatenated result

#include <stdio.h>
#include <string.h>

int main() {
    char str1[100], str2[100], result[200]; 

    
    printf("Enter first string: ");
    fgets(str1, sizeof(str1), stdin);
    
   
    str1[strcspn(str1, "\n")] = '\0';

   
    printf("Enter second string: ");
    fgets(str2, sizeof(str2), stdin);

   
    str2[strcspn(str2, "\n")] = '\0';

    
    strcpy(result, str1);  
    strcat(result, str2);  

   
    printf("Concatenated String: %s\n", result);

    return 0;
}
[2021ict24@fedora ~]$ gcc ex9.c -o ex9
[2021ict24@fedora ~]$ ./ex9
Enter first string: ish
Enter second string: ishqa
Concatenated String: ishishqa
[2021ict24@fedora ~]$


-----------------------------------------------------------------------------------------------------------------------------

10.
Write c program that takes a binary number(as an integer) as input and converts it to its decimal equivelant

#include <stdio.h>

int binaryToDecimal(int binary) {
    int decimal = 0, base = 1, remainder;

    
    while (binary > 0) {
        remainder = binary % 10;
        decimal += remainder * base;
        binary /= 10;
        base *= 2;
    }

    return decimal;
}

int main() {
    int binary;

    
    printf("Enter a binary number: ");
    scanf("%d", &binary);

   
    printf("Decimal equivalent: %d\n", binaryToDecimal(binary));

    return 0;
}

[2021ict24@fedora ~]$ ./ex10
Enter a binary number: 010
Decimal equivalent: 2
[2021ict24@fedora ~]$

------------------------------------------------------------------------------------------------------------------------------------------

11.write a c program that:
Accepts an array of ineger from the user.
Find and display the maximum and minimum values in the array.

#include <stdio.h>

int main() {
    int n, i, max, min;

    printf("Enter the number of elements: ");
    scanf("%d", &n);

    int arr[n];

    printf("Enter %d integers: ", n);
    for (i = 0; i < n; i++) {
        scanf("%d", &arr[i]);
    }

    max = min = arr[0];

    for (i = 1; i < n; i++) {
        if (arr[i] > max) {
            max = arr[i];
        }
        if (arr[i] < min) {
            min = arr[i];
        }
    }

    printf("Maximum value: %d\n", max);
    printf("Minimum value: %d\n", min);

    return 0;
}

[2021ict24@fedora ~]$ gcc example9.c -o example9

[2021ict24@fedora ~]$ ./example9
Enter the number of elements:  1 5 2
Enter 1 integers: Maximum value: 5
Minimum value: 5


----------------------------------------------------------------------------------------------------

c program to generate pascal's Triangle

output:
no of rows = 5

		1
	  1	  1
	1	2	1
  1	  3	  3	  1
1	4	6	4	1


#include <stdio.h>

int factorial(int n) {
    int result = 1;
    for(int i = 1; i <= n; i++)
        result *= i;
    return result;
}


int binomialCoeff(int n, int k) {
    return factorial(n) / (factorial(k) * factorial(n - k));
}

int main() {
    int rows = 5;
    printf("no of rows = %d\n\n", rows);

    for(int i = 0; i < rows; i++) {
       
        for(int space = 0; space < rows - i - 1; space++)
            printf("  ");

        
        for(int j = 0; j <= i; j++) {
            printf("%4d", binomialCoeff(i, j));
        }
        printf("\n");
    }

    return 0;
}
